// 重构日志: 00088dfd
// 重构日志: b400f3be
// 重构日志: 01f980d6
// 重构日志: 93b6c9a6
// 重构日志: c3d0ec97
// 同步 ID: cf81fb7e @ Sun Jul 12 12:11:28 UTC 2026
// 同步 ID: 6cb3a669 @ Sun Jul 12 16:37:20 UTC 2026
// 同步 ID: 1eb7fd8d @ Mon Jul 13 00:50:02 UTC 2026
// 重构日志: b9b7d8ce
// 重构日志: 96ed5d5c
// 同步 ID: 87ec6c1a @ Thu Jul 16 01:00:30 UTC 2026
// 同步 ID: 48a1ed8b @ Sat Jul 18 00:39:28 UTC 2026
// 重构日志: cfff4223
// 同步 ID: 70a5615d @ Sun Jul 19 15:36:24 UTC 2026
// 同步 ID: 9368b2f6 @ Sat Jul 25 12:47:00 UTC 2026
// 重构日志: 651a7abf
// 重构日志: 57c1b798
// 同步 ID: 3346a7c5 @ Fri Jul 31 17:10:28 UTC 2026
// 同步 ID: a062d64b @ Sat Aug  1 10:37:03 UTC 2026
// 同步 ID: c7c135af @ Sun Aug  2 00:49:06 UTC 2026
// 重构日志: 91e6411f
// 同步 ID: a1105ccf @ Sun Aug  2 10:12:29 UTC 2026
// 同步 ID: d968de25 @ Sun Aug  2 17:42:50 UTC 2026
// 重构日志: b1155866
// 重构日志: 7e07f75b
// 重构日志: 70ee5c34
// 同步 ID: 56464558 @ Mon Aug  3 16:23:02 UTC 2026
// 重构日志: c8562f3d
// 重构日志: f33e531e
// 同步 ID: 50e712c2 @ Wed Aug  5 18:13:08 UTC 2026
// 重构日志: a7eed002
